INFO:root:add ok
